app.js:50424 [Vue warn]: Property or method "messages" is not defined on the instance but referenced during render. Make sure that this property is reactive, either in the data option, or for class-based components, by initializing the property. See: https://vuejs.org/v2/guide/reactivity.html#Declaring-Reactive-Properties.

found in

---> <ChatBox> at resources/assets/js/components/modals/ChatBox.vue
       <AdminButton> at resources/assets/js/components/AdminButton.vue
         <CriminalView> at resources/assets/js/components/CriminalView.vue
           <Root>